<html>
<body>
<pre>
<h1>µVision Build Log</h1>
<h2>Tool Versions:</h2>
IDE-Version: ¦ÌVision V5.25.3.0
Copyright (C) 2018 ARM Ltd and ARM Germany GmbH. All rights reserved.
License Information: 12 Administrator, J, LIC=----
 
Tool Versions:
Toolchain:       MDK-Lite  Version: 5.25.2.0
Toolchain Path:  D:\Keil_v5\ARM\ARMCC\Bin
C Compiler:      Armcc.exe V5.06 update 6 (build 750)
Assembler:       Armasm.exe V5.06 update 6 (build 750)
Linker/Locator:  ArmLink.exe V5.06 update 6 (build 750)
Library Manager: ArmAr.exe V5.06 update 6 (build 750)
Hex Converter:   FromElf.exe V5.06 update 6 (build 750)
CPU DLL:         SARMCM3.DLL V5.25.2.0
Dialog DLL:      DARMSTM.DLL V1.68.0.0
Target DLL:      Segger\JL2CM3.dll V2.99.29.0
Dialog DLL:      TARMSTM.DLL V1.66.0.0
 
<h2>Project:</h2>
D:\Users\Administrator\Documents\blink_base30\USER\STM32-DEMO.uvprojx
Project File Date:  06/03/2020

<h2>Output:</h2>
*** Using Compiler 'V5.06 update 6 (build 750)', folder: 'D:\Keil_v5\ARM\ARMCC\Bin'
Rebuild target 'ADC-DEMO'
assembling startup_stm32f10x_hd.s...
compiling main.c...
main.c(18): warning:  #223-D: function "UART1_Config" declared implicitly
  	UART1_Config(9600);
main.c(19): warning:  #223-D: function "UART3_Config" declared implicitly
  	UART3_Config(9600);
main.c(22): warning:  #223-D: function "TIM2_Configuration" declared implicitly
  	TIM2_Configuration();
main.c(23): warning:  #223-D: function "TIM2_NVIC_Configuration" declared implicitly
  	TIM2_NVIC_Configuration();
main.c(24): warning:  #223-D: function "Delay_Init" declared implicitly
  	Delay_Init();
main.c(25): warning:  #223-D: function "ADC1_Init" declared implicitly
  	ADC1_Init();
main.c(27): warning:  #223-D: function "LCD_Init" declared implicitly
  		LCD_Init();
main.c(36): warning:  #223-D: function "LCD_WriteString" declared implicitly
  	LCD_WriteString( 1 , 7 , "SP=");	LCD_WriteString( 2 , 0 , "SF=");
main.c(37): warning:  #223-D: function "printf" declared implicitly
  	 printf("a\r\n");delay_ms(1);
main.c(37): warning:  #223-D: function "delay_ms" declared implicitly
  	 printf("a\r\n");delay_ms(1);
main.c(46): warning:  #223-D: function "sprintf" declared implicitly
  				sprintf(msg,"%s",uart_rec_buffer );
main.c(13): warning:  #177-D: variable "j"  was declared but never referenced
  	int j,i,k,m;
main.c(13): warning:  #177-D: variable "i"  was declared but never referenced
  	int j,i,k,m;
main.c(13): warning:  #177-D: variable "k"  was declared but never referenced
  	int j,i,k,m;
main.c(13): warning:  #177-D: variable "m"  was declared but never referenced
  	int j,i,k,m;
main.c: 15 warnings, 0 errors
compiling stm32f10x_it.c...
compiling usart1.c...
usart1.c(409): warning:  #177-D: variable "i"  was declared but never referenced
          static u8 i = 0; 
usart1.c(443): warning:  #1-D: last line of file ends without a newline
  }			
usart1.c: 2 warnings, 0 errors
compiling adc.c...
compiling misc.c...
compiling led.c...
compiling delay.c...
compiling Timer.c...
compiling LCD_1602.c...
LCD_1602.c(12): warning:  #47-D: incompatible redefinition of macro "Delay_Us1"  (declared at line 24 of "LCD_1602.h")
  #define Delay_Us1  delay_us(5);
LCD_1602.c(20): warning:  #223-D: function "delay_us" declared implicitly
  	Delay_Us1;
LCD_1602.c(36): warning:  #223-D: function "delay_us" declared implicitly
  	Delay_Us1;
LCD_1602.c(52): warning:  #223-D: function "delay_us" declared implicitly
  	Delay_Us1;
LCD_1602.c: 4 warnings, 0 errors
compiling LCD_App.c...
LCD_App.c(10): warning:  #47-D: incompatible redefinition of macro "Delay_Us1"  (declared at line 24 of "LCD_1602.h")
  #define Delay_Us1  delay_us(5);
LCD_App.c(15): warning:  #223-D: function "delay_ms" declared implicitly
  	delay_ms(2);
LCD_App.c(45): warning:  #223-D: function "delay_us" declared implicitly
  	delay_us(50);
LCD_App.c(51): warning:  #223-D: function "delay_ms" declared implicitly
  	delay_ms(2);
LCD_App.c(61): warning:  #223-D: function "delay_us" declared implicitly
  		delay_us(50);
LCD_App.c(67): warning:  #223-D: function "delay_us" declared implicitly
  		delay_us(50);	
LCD_App.c(76): warning:  #223-D: function "delay_us" declared implicitly
  		delay_us(50);
LCD_App.c(83): warning:  #223-D: function "delay_us" declared implicitly
  		delay_us(50);
LCD_App.c(94): warning:  #223-D: function "delay_us" declared implicitly
  		delay_us(50);
LCD_App.c(101): warning:  #223-D: function "delay_us" declared implicitly
  		delay_us(50);
LCD_App.c: 10 warnings, 0 errors
compiling stm32f10x_gpio.c...
compiling stm32f10x_rcc.c...
compiling stm32f10x_adc.c...
compiling stm32f10x_usart.c...
compiling stm32f10x_dma.c...
compiling stm32f10x_flash.c...
compiling stm32f10x_tim.c...
compiling core_cm3.c...
compiling system_stm32f10x.c...
linking...
Program Size: Code=12564 RO-data=336 RW-data=52 ZI-data=796  
FromELF: creating hex file...
"..\Output\STM32-DEMO.axf" - 0 Error(s), 31 Warning(s).

<h2>Software Packages used:</h2>

Package Vendor: Keil
                http://www.keil.com/pack/Keil.STM32F1xx_DFP.1.1.0.pack
                Keil.STM32F1xx_DFP.1.1.0
                STMicroelectronics STM32F1 Series Device Support, Drivers and Examples

<h2>Collection of Component include folders:</h2>
  .\RTE\_ADC-DEMO
  D:\Keil_v5\ARM\PACK\Keil\STM32F1xx_DFP\1.1.0\Device\Include

<h2>Collection of Component Files used:</h2>
Build Time Elapsed:  00:00:04
</pre>
</body>
</html>
